Testing CleanWave API
ADMIN Signup: FAILED - The remote server returned an error: (400) Bad Request.
